waiting for data prep to finish...
[1] l-3m-bf16-tp20-s0  (~0.5 est GPU-h)
  bpb1=2.1239 bpb2=2.1261 packed=23,204,352B parity=PASS
[2] l-3m-bf16-tp20-s1  (~0.5 est GPU-h)
  bpb1=2.1352 bpb2=2.1373 packed=23,204,352B parity=PASS
[3] l-3m-bf16-tp20-s2  (~0.5 est GPU-h)
  bpb1=2.1060 bpb2=2.1084 packed=23,204,352B parity=PASS
[4] l-3m-1.58-tp20-s0  (~0.7 est GPU-h)
  bpb1=2.0314 bpb2=2.0345 packed=17,593,456B parity=PASS
[5] l-3m-1.58-tp20-s1  (~0.7 est GPU-h)
  bpb1=2.0720 bpb2=2.0748 packed=17,593,456B parity=PASS
[6] l-3m-1.58-tp20-s2  (~0.7 est GPU-h)
  bpb1=2.0556 bpb2=2.0587 packed=17,593,456B parity=PASS
[7] l-6m-bf16-tp20-s0  (~1.2 est GPU-h)
  bpb1=1.8626 bpb2=1.8662 packed=29,630,976B parity=PASS
[8] l-6m-bf16-tp20-s1  (~1.2 est GPU-h)
  bpb1=1.9553 bpb2=1.9586 packed=29,630,976B parity=PASS
[9] l-6m-1.58-tp20-s0  (~1.6 est GPU-h)
  bpb1=1.9049 bpb2=1.9083 packed=18,409,184B parity=FAIL
[10] l-6m-1.58-tp20-s1  (~1.6 est GPU-h)
  bpb1=1.8387 bpb2=1.8421 packed=18,409,184B parity=FAIL
[11] l-3m-bf16-tp80-s0  (~2.0 est GPU-h)
  bpb1=1.5907 bpb2=1.5943 packed=23,204,352B parity=PASS
[12] l-3m-bf16-tp80-s1  (~2.0 est GPU-h)
  bpb1=1.6785 bpb2=1.6819 packed=23,204,352B parity=PASS
[13] l-3m-bf16-tp80-s2  (~2.0 est GPU-h)
  bpb1=1.5918 bpb2=1.5954 packed=23,204,352B parity=PASS
[14] l-3m-1.58-tp80-s0  (~2.7 est GPU-h)
  bpb1=1.6317 bpb2=1.6356 packed=17,593,456B parity=FAIL
[15] l-3m-1.58-tp80-s1  (~2.7 est GPU-h)
  bpb1=1.6521 bpb2=1.6559 packed=17,593,456B parity=FAIL
[16] l-3m-1.58-tp80-s2  (~2.7 est GPU-h)
  bpb1=1.6306 bpb2=1.6346 packed=17,593,456B parity=FAIL
[17] l-6m-bf16-tp80-s0  (~4.8 est GPU-h)
  bpb1=1.3419 bpb2=1.3446 packed=29,630,976B parity=PASS
[18] l-6m-bf16-tp80-s1  (~4.8 est GPU-h)
  bpb1=1.3000 bpb2=1.3027 packed=29,630,976B parity=PASS
[19] l-6m-1.58-tp80-s0  (~6.3 est GPU-h)
  bpb1=1.5349 bpb2=1.5381 packed=18,409,184B parity=FAIL
[20] l-6m-1.58-tp80-s1  (~6.3 est GPU-h)
  bpb1=1.4421 bpb2=1.4445 packed=18,409,184B parity=FAIL
[21] l-3m-bf16-tp320-s0  (~8.2 est GPU-h)
  bpb1=1.2576 bpb2=1.2600 packed=23,204,352B parity=PASS
[22] l-3m-bf16-tp320-s1  (~8.2 est GPU-h)
  bpb1=1.2655 bpb2=1.2679 packed=23,204,352B parity=PASS
[23] l-3m-bf16-tp320-s2  (~8.2 est GPU-h)
  bpb1=1.2542 bpb2=1.2566 packed=23,204,352B parity=PASS
[24] l-3m-1.58-tp320-s0  (~10.9 est GPU-h)
  bpb1=1.5086 bpb2=1.5118 packed=17,593,456B parity=FAIL
[25] l-3m-1.58-tp320-s1  (~10.9 est GPU-h)
  bpb1=1.5258 bpb2=1.5298 packed=17,593,456B parity=FAIL
[26] l-3m-1.58-tp320-s2  (~10.9 est GPU-h)
  bpb1=1.4664 bpb2=1.4692 packed=17,593,456B parity=FAIL
[27] l-6m-bf16-tp320-s0  (~19.0 est GPU-h)
  bpb1=1.1716 bpb2=1.1735 packed=29,630,976B parity=PASS
[28] l-6m-1.58-tp320-s0  (~25.4 est GPU-h)
  bpb1=1.4035 bpb2=1.4060 packed=18,409,184B parity=FAIL
queue drained: 28 runs this session
